00278000-00279000 r-xp 00000000 00:00 0          [vdso]
Size:                  4 kB
Rss:                   4 kB
Pss:                   0 kB
Shared_Clean:          4 kB
Shared_Dirty:          0 kB
Private_Clean:         0 kB
Private_Dirty:         0 kB
Referenced:            4 kB
Swap:                  0 kB
KernelPageSize:        4 kB
MMUPageSize:           4 kB
007b9000-0090c000 r-xp 00000000 07:00 915866     /lib/tls/i686/cmov/libc-2.11.1.so
Size:               1356 kB
Rss:                 272 kB
Pss:                   3 kB
Shared_Clean:        272 kB
Shared_Dirty:          0 kB
Private_Clean:         0 kB
Private_Dirty:         0 kB
Referenced:          272 kB
Swap:                  0 kB
KernelPageSize:        4 kB
MMUPageSize:           4 kB
0090c000-0090e000 r--p 00153000 07:00 915866     /lib/tls/i686/cmov/libc-2.11.1.so
Size:                  8 kB
Rss:                   8 kB
Pss:                   8 kB
Shared_Clean:          0 kB
Shared_Dirty:          0 kB
Private_Clean:         0 kB
Private_Dirty:         8 kB
Referenced:            8 kB
Swap:                  0 kB
KernelPageSize:        4 kB
MMUPageSize:           4 kB
0090e000-0090f000 rw-p 00155000 07:00 915866     /lib/tls/i686/cmov/libc-2.11.1.so
Size:                  4 kB
Rss:                   4 kB
Pss:                   4 kB
Shared_Clean:          0 kB
Shared_Dirty:          0 kB
Private_Clean:         0 kB
Private_Dirty:         4 kB
Referenced:            4 kB
Swap:                  0 kB
KernelPageSize:        4 kB
MMUPageSize:           4 kB
0090f000-00912000 rw-p 00000000 00:00 0 
Size:                 12 kB
Rss:                   8 kB
Pss:                   8 kB
Shared_Clean:          0 kB
Shared_Dirty:          0 kB
Private_Clean:         0 kB
Private_Dirty:         8 kB
Referenced:            8 kB
Swap:                  0 kB
KernelPageSize:        4 kB
MMUPageSize:           4 kB
00998000-009b3000 r-xp 00000000 07:00 815197     /lib/ld-2.11.1.so
Size:                108 kB
Rss:                  92 kB
Pss:                   1 kB
Shared_Clean:         92 kB
Shared_Dirty:          0 kB
Private_Clean:         0 kB
Private_Dirty:         0 kB
Referenced:           92 kB
Swap:                  0 kB
KernelPageSize:        4 kB
MMUPageSize:           4 kB
009b3000-009b4000 r--p 0001a000 07:00 815197     /lib/ld-2.11.1.so
Size:                  4 kB
Rss:                   4 kB
Pss:                   4 kB
Shared_Clean:          0 kB
Shared_Dirty:          0 kB
Private_Clean:         0 kB
Private_Dirty:         4 kB
Referenced:            4 kB
Swap:                  0 kB
KernelPageSize:        4 kB
MMUPageSize:           4 kB
009b4000-009b5000 rw-p 0001b000 07:00 815197     /lib/ld-2.11.1.so
Size:                  4 kB
Rss:                   4 kB
Pss:                   4 kB
Shared_Clean:          0 kB
Shared_Dirty:          0 kB
Private_Clean:         0 kB
Private_Dirty:         4 kB
Referenced:            4 kB
Swap:                  0 kB
KernelPageSize:        4 kB
MMUPageSize:           4 kB
08048000-0804b000 r-xp 00000000 07:00 1185354    /home/joker/JustForFun/deadtool/deaddump
Size:                 12 kB
Rss:                  12 kB
Pss:                  12 kB
Shared_Clean:          0 kB
Shared_Dirty:          0 kB
Private_Clean:        12 kB
Private_Dirty:         0 kB
Referenced:           12 kB
Swap:                  0 kB
KernelPageSize:        4 kB
MMUPageSize:           4 kB
0804b000-0804c000 r--p 00003000 07:00 1185354    /home/joker/JustForFun/deadtool/deaddump
Size:                  4 kB
Rss:                   4 kB
Pss:                   4 kB
Shared_Clean:          0 kB
Shared_Dirty:          0 kB
Private_Clean:         0 kB
Private_Dirty:         4 kB
Referenced:            4 kB
Swap:                  0 kB
KernelPageSize:        4 kB
MMUPageSize:           4 kB
0804c000-0804d000 rw-p 00004000 07:00 1185354    /home/joker/JustForFun/deadtool/deaddump
Size:                  4 kB
Rss:                   4 kB
Pss:                   4 kB
Shared_Clean:          0 kB
Shared_Dirty:          0 kB
Private_Clean:         0 kB
Private_Dirty:         4 kB
Referenced:            4 kB
Swap:                  0 kB
KernelPageSize:        4 kB
MMUPageSize:           4 kB
0804d000-0804e000 rw-p 00000000 00:00 0 
Size:                  4 kB
Rss:                   0 kB
Pss:                   0 kB
Shared_Clean:          0 kB
Shared_Dirty:          0 kB
Private_Clean:         0 kB
Private_Dirty:         0 kB
Referenced:            0 kB
Swap:                  0 kB
KernelPageSize:        4 kB
MMUPageSize:           4 kB
09329000-0934a000 rw-p 00000000 00:00 0          [heap]
Size:                132 kB
Rss:                  20 kB
Pss:                  20 kB
Shared_Clean:          0 kB
Shared_Dirty:          0 kB
Private_Clean:         0 kB
Private_Dirty:        20 kB
Referenced:           20 kB
Swap:                  0 kB
KernelPageSize:        4 kB
MMUPageSize:           4 kB
b770c000-b770d000 rw-p 00000000 00:00 0 
Size:                  4 kB
Rss:                   4 kB
Pss:                   4 kB
Shared_Clean:          0 kB
Shared_Dirty:          0 kB
Private_Clean:         0 kB
Private_Dirty:         4 kB
Referenced:            4 kB
Swap:                  0 kB
KernelPageSize:        4 kB
MMUPageSize:           4 kB
b7723000-b7728000 rw-p 00000000 00:00 0 
Size:                 20 kB
Rss:                  20 kB
Pss:                  20 kB
Shared_Clean:          0 kB
Shared_Dirty:          0 kB
Private_Clean:         0 kB
Private_Dirty:        20 kB
Referenced:           20 kB
Swap:                  0 kB
KernelPageSize:        4 kB
MMUPageSize:           4 kB
bfe48000-bfe5d000 rw-p 00000000 00:00 0          [stack]
Size:                 88 kB
Rss:                  16 kB
Pss:                  16 kB
Shared_Clean:          0 kB
Shared_Dirty:          0 kB
Private_Clean:         0 kB
Private_Dirty:        16 kB
Referenced:           16 kB
Swap:                  0 kB
KernelPageSize:        4 kB
MMUPageSize:           4 kB
